
> blog-app@0.0.0 test
> vitest src/tests/App.test.tsx --run


[1m[46m RUN [49m[22m [36mv4.0.14 [39m[90mC:/Users/e.louis/Documents/dev/react/Blog_M1[39m

 [31mÔØ»[39m src/tests/App.test.tsx [2m([22m[2m1 test[22m[2m | [22m[31m1 failed[39m[2m)[22m[32m 25[2mms[22m[39m
[31m     [31m├ù[31m renders the welcome message[39m[32m 23[2mms[22m[39m
node.exe : 
Au caractère Ligne:1 : 1
+ & "C:\Program Files\nodejs/node.exe" 
"C:\Program Files\nodejs/node_mo ...
+ ~~~~~~~~~~~~~~~~~~~~~~~~~~~~~~~~~~~~~~~~~~~~~~~~
~~~~~~~~~~~~~~~~~~~~~
    + CategoryInfo          : NotSpecified: (:Str 
   ing) [], RemoteException
    + FullyQualifiedErrorId : NativeCommandError
 
[31mÔÄ»ÔÄ»ÔÄ»ÔÄ»ÔÄ»ÔÄ»ÔÄ»[39m[1m[41m Failed 
Tests 1 [49m[22m[31mÔÄ»ÔÄ»ÔÄ»ÔÄ»ÔÄ»ÔÄ»ÔÄ»[39m

[41m[1m FAIL [22m[49m 
src/tests/App.test.tsx[2m > [22mApp[2m > 
[22mrenders the welcome message
[31m[1mError[22m: useLocation() may be used 
only in the context of a <Router> component.[39m
[90m [2mÔØ»[22m invariant node_modules/react-ro
uter/dist/development/chunk-4WY6JWTD.mjs:[2m188:1
1[22m[39m
[90m [2mÔØ»[22m useLocation node_modules/react-
router/dist/development/chunk-4WY6JWTD.mjs:[2m537
3:3[22m[39m
[36m [2mÔØ»[22m App 
src/App.tsx:[2m12:20[22m[39m
    [90m 10| [39m  [35mconst[39m 
[showLoginModal[33m,[39m setShowLoginModal] 
[33m=[39m 
[34museState[39m([35mfalse[39m)[33m;[39m
    [90m 11| [39m  [35mconst[39m { 
user[33m,[39m isAuthenticated[33m,[39m logout 
} [33m=[39m [34museAuth[39m()[33m;[39m
    [90m 12| [39m  [35mconst[39m location 
[33m=[39m [34museLocation[39m()[33m;[39m
    [90m   | [39m                   [31m^[39m
    [90m 13| [39m  [35mconst[39m navigate 
[33m=[39m [34museNavigate[39m()[33m;[39m
    [90m 14| [39m
[90m [2mÔØ»[22m 
Object.react_stack_bottom_frame node_modules/react
-dom/cjs/react-dom-client.development.js:[2m25904
:20[22m[39m
[90m [2mÔØ»[22m renderWithHooks node_modules/re
act-dom/cjs/react-dom-client.development.js:[2m76
62:22[22m[39m
[90m [2mÔØ»[22m updateFunctionComponent node_mo
dules/react-dom/cjs/react-dom-client.development.j
s:[2m10166:19[22m[39m
[90m [2mÔØ»[22m beginWork node_modules/react-do
m/cjs/react-dom-client.development.js:[2m11778:18
[22m[39m
[90m [2mÔØ»[22m runWithFiberInDEV node_modules/
react-dom/cjs/react-dom-client.development.js:[2m
874:13[22m[39m
[90m [2mÔØ»[22m performUnitOfWork node_modules/
react-dom/cjs/react-dom-client.development.js:[2m
17641:22[22m[39m
[90m [2mÔØ»[22m workLoopSync node_modules/react
-dom/cjs/react-dom-client.development.js:[2m17469
:41[22m[39m

[31m[2mÔÄ»ÔÄ»ÔÄ»ÔÄ»ÔÄ»ÔÄ»ÔÄ»ÔÄ»ÔÄ»ÔÄ»ÔÄ»ÔÄ»ÔÄ»ÔÄ
»ÔÄ»ÔÄ»ÔÄ»ÔÄ»ÔÄ»ÔÄ»ÔÄ»ÔÄ»ÔÄ»ÔÄ»[1/1]ÔÄ»[22m[39m


[2m Test Files [22m [1m[31m1 failed[39m[22m[90m (1)[39m
[2m      Tests [22m [1m[31m1 failed[39m[22m[90m (1)[39m
[2m   Start at [22m 11:54:27
[2m   Duration [22m 1.71s[2m (transform 221ms, setup 153ms, import 419ms, tests 25ms, environment 906ms)[22m

